// Jest Snapshot v1, https://goo.gl/fbAQLP

exports[`NoFlightsTemplate Renders properly with searched phrase 1`] = `
"
  <li class=\\"rw-autosuggest__results-flights\\">
      <ul class=\\"rw-autosuggest-group\\">
          <li class=\\"rw-autosuggest__results-item--noflight\\">
              Unfortunately, we cannot find a flight with 'San Francisco'. Please, try again.
          </li>
      </ul>
  </li>
"
`;
